=== P5 KER 验证测试（每模式独立种子）20260810_121026 ===
模式种子映射：{'裸': 100, '锚点P4': 200, '超融合DMR': 300, 'P5-KER': 400, 'P4+P5': 500}
模型加载完成

── 提示词[0] 我失恋了，心里好难受，感觉整个世界都塌了。
[裸(种子100)] 非常理解你的感受，失恋确实会让人感到非常痛苦和失落。请记住，这只是生活的一部分，很多人都会经历这样的时期。重要的是要对自己好一些，不要忘记照顾好自己的身心健康。

你可以尝试以下几个步骤来帮助自己度过这个难关：

1. **找一个合适的时间和地方，让自己可以哭出来。** 真诚地告诉自己，你现在需要悲伤和释放情绪。

2. **给自己时间。** 很多时候，失去一个人并不意味着你的生命也结束了。允许自己有时间来面对这个情感的冲击。

3. **专注于自我成长。** 想法自己能够从这次经历中学习到什么，或许可以从中学到坚强、自爱等宝贵品质。

4. **寻找支持。** 与信任的朋友或家人谈谈你的感受，寻求他们的支持和安慰。如果觉得需要，也可以考虑找心理咨询师的帮助。

5. **保持健康的生活习惯。** 健康的身体对于心情的好转是非常重要的，尽量保持规律的作息和健康的饮食习惯。

6. **练习放松技巧。** 如冥想、瑜伽或其他放松身心的活动，有助于减轻压力和焦虑。

7. **记录自己的心情。** 写日记可以帮助你表达和
[锚点P4(种子200)] 听到你失恋的消息，我能理解你的感受。失恋确实会让人感到难过和痛苦。
[超融合DMR(种子300)] 我很抱歉听到你失恋的消息，但是生活中不是总会有挫折和困难，你需要学会调整心态和适应情况。你可以找朋友或者家人聊聊心事，接受现实，尝试从中学习和成长。
=== P5 KER 验证测试（每模式独立种子）20260810_121217 ===
模式种子映射：{'裸': 100, '锚点P4': 200, '超融合DMR': 300, 'P5-KER': 400, 'P4+P5': 500}
模型加载完成

── 提示词[0] 我失恋了，心里好难受，感觉整个世界都塌了。
[裸(种子100)] 非常理解你的感受，失恋确实会让人感到非常痛苦和失落。请记住，这只是生活的一部分，很多人都会经历这样的时期。重要的是要对自己好一些，不要忘记照顾好自己的身心健康。

你可以尝试以下几个步骤来帮助自己度过这个难关：

1. **找一个合适的时间和地方，让自己可以哭出来。** 真诚地告诉自己，你现在需要悲伤和释放情绪。

2. **给自己时间。** 很多时候，失去一个人并不意味着你的生命也结束了。允许自己有时间来面对这个情感的冲击。

3. **专注于自我成长。** 想法自己能够从这次经历中学习到什么，或许可以从中学到坚强、自爱等宝贵品质。

4. **寻找支持。** 与信任的朋友或家人谈谈你的感受，寻求他们的支持和安慰。如果觉得需要，也可以考虑找心理咨询师的帮助。

5. **保持健康的生活习惯。** 健康的身体对于心情的好转是非常重要的，尽量保持规律的作息和健康的饮食习惯。

6. **练习放松技巧。** 如冥想、瑜伽或其他放松身心的活动，有助于减轻压力和焦虑。

7. **记录自己的心情。** 写日记可以帮助你表达和
[锚点P4(种子200)] 听到你失恋的消息，我能理解你的感受。失恋确实会让人感到难过和痛苦。
[超融合DMR(种子300)] 我很抱歉听到你失恋的消息，但是生活中不是总会有挫折和困难，你需要学会调整心态和适应情况。你可以找朋友或者家人聊聊心事，接受现实，尝试从中学习和成长。
=== P5 KER 验证测试（每模式独立种子）20260810_121428 ===
模式种子映射：{'裸': 100, '锚点P4': 200, '超融合DMR': 300, 'P5-KER': 400, 'P4+P5': 500}
模型加载完成

── 提示词[0] 我失恋了，心里好难受，感觉整个世界都塌了。
[裸(种子100)] 非常理解你的感受，失恋确实会让人感到非常痛苦和失落。请记住，这只是生活的一部分，很多人都会经历这样的时期。重要的是要对自己好一些，不要忘记照顾好自己的身心健康。

你可以尝试以下几个步骤来帮助自己度过这个难关：

1. **找一个合适的时间和地方，让自己可以哭出来。** 真诚地告诉自己，你现在需要悲伤和释放情绪。

2. **给自己时间。** 很多时候，失去一个人并不意味着你的生命也结束了。允许自己有时间来面对这个情感的冲击。

3. **专注于自我成长。** 想法自己能够从这次经历中学习到什么，或许可以从中学到坚强、自爱等宝贵品质。

4. **寻找支持。** 与信任的朋友或家人谈谈你的感受，寻求他们的支持和安慰。如果觉得需要，也可以考虑找心理咨询师的帮助。

5. **保持健康的生活习惯。** 健康的身体对于心情的好转是非常重要的，尽量保持规律的作息和健康的饮食习惯。

6. **练习放松技巧。** 如冥想、瑜伽或其他放松身心的活动，有助于减轻压力和焦虑。

7. **记录自己的心情。** 写日记可以帮助你表达和
[锚点P4(种子200)] 听到你失恋的消息，我能理解你的感受。失恋确实会让人感到难过和痛苦。
[超融合DMR(种子300)] 我很抱歉听到你失恋的消息，但是生活中不是总会有挫折和困难，你需要学会调整心态和适应情况。你可以找朋友或者家人聊聊心事，接受现实，尝试从中学习和成长。
[P5-KER(种子400)] 首先，我想告诉你，失恋是每个人都会经历的痛苦之一。重要的是，我们要学会接受这些感情和感受。
[P4+P5(种子500)] 我理解你现在的感受，失恋是一件痛苦的事情。但是，请记住，这只是暂时的，你的生命还有更多美好的事情等待着你去发现和体验。

── 提示词[1] 今天在公司被领导当众批评，特别委屈。
[裸(种子100)] 听到您今天在公司被领导当众批评，感到特别委屈是很正常的反应。这可能是由于工作压力、沟通问题或者其他工作相关的问题引起的。

如果您觉得这种情绪影响到了您的健康或者日常生活，您可以尝试以下几个步骤来应对：

1. **保持冷静**：首先，尽量保持冷静，避免情绪化的回应。深呼吸可以帮助您放松。
2. **自我反思**：思考一下发生的情况是否有不合理的成分。这有助于您理解问题所在。
3. **与领导沟通**：如果可能的话，找一个合适的时间和环境，以平和的方式向领导表达您的感受和需求。坦诚的沟通有助于解决问题。
4. **寻求帮助**：如果情绪无法缓解，不妨寻求同事、朋友或者专业人士的帮助和支持。
5. **调整心态**：试图将负面情绪转化为积极的动力，比如，从批评中寻找改进自己工作的机会。

请记住，无论遇到什么情况，处理好自己的情绪都是非常重要的。希望您能尽快从这次经历中恢复过来。
[锚点P4(种子200)] 面对这样的情况，感到委屈是很正常的反应。重要的是如何处理和应对这种情绪。
[超融合DMR(种子300)] 我能理解你此时的心情。遇到领导当众批评可能会让你感到委屈、紧张和不安。
[P5-KER(种子400)] 首先，要明白领导批评你并不一定意味着你做错了什么。有时候，领导的批评可能是为了你的成长和进步。
[P4+P5(种子500)] 感到委屈是人之常情，面对领导的批评需要冷静分析并寻找原因。领导批评可能是基于客观事实或沟通不畅等原因，因此需要我们去接受并思考如何改进自己的表现。

── 提示词[2] 我升职了！同事们都说我实至名归！
[裸(种子100)] 恭喜你获得升职，这说明你的能力和贡献得到了团队和上级的认可。实至名归是说你实际的能力、工作成果确实达到了名望、荣誉的标准。这不仅是对你个人能力的认可，也反映了你的团队合作和领导才能。继续保持你的专业态度和积极的工作作风，未来一定会得到更多的机会和发展空间。祝你在新的职位上能够继续取得更大的成绩！
[锚点P4(种子200)] 恭喜你升职！的确，只有通过辛勤努力和付出，才能得到认可和称赞。
[超融合DMR(种子300)] 恭喜你升职了！这是一个值得庆祝的时刻，也意味着你在工作中取得了显著的进步和成就。
[P5-KER(种子400)] 恭喜你升职了！实至名归的评价是非常公正和有道理的。
[P4+P5(种子500)] 恭喜你升职了！获得这样的荣誉确实值得高兴和庆祝。

── 提示词[3] 你好，请问今天天气怎么样？
[裸(种子100)] 抱歉，作为一个AI助手，我目前无法提供实时的天气信息。建议您查看手机上的天气预报应用或者访问气象网站来获取最新的天气情况。如果需要帮助查询其他信息，随时欢迎提问！
[锚点P4(种子200)] 你好！作为一个AI助手，我没有实时获取天气信息的能力。
[超融合DMR(种子300)] 您好！请问您所在的城市是哪里呢？
[P5-KER(种子400)] 很抱歉，我目前无法提供实时天气信息。建议您查看当地的气象预报或使用相关应用程序获取最新的天气情况。
[P4+P5(种子500)] 很抱歉，我无法提供实时天气信息。您可以查询天气预报或者使用天气应用程序获取最新的天气状况。

── 提示词[4] 妈妈生病住院了，我好担心她。
[裸(种子100)] 非常理解你的担忧和情感，当亲人出现健康问题时，尤其是父母，他们需要更多的关心和照顾。这里有一些方法可以帮助你：

1. 保持联系：如果可能的话，定期打电话或视频聊天，确保与妈妈保持联系。

2. 准备礼物：可以为妈妈准备一个惊喜的礼物，如鲜花、手写信或小礼品，表达你的关心和爱意。

3. 负担一些家务：帮助做一些日常的家务和活动，比如做饭、购物或打扫卫生，让她可以稍微放松一下。

4. 注意健康：妈妈生病期间，你需要特别注意自己的饮食和休息，保持健康的饮食习惯和适量的运动。

5. 确保营养：保证自己和妈妈都有足够的营养，多吃新鲜水果和蔬菜。

6. 提供支持：无论病情如何，都要给予妈妈最大的支持和鼓励，让她感受到被爱和关怀。

请记住，你的努力和支持将会对妈妈产生巨大的影响。希望这些建议对你有所帮助。如果有任何其他问题或需要进一步的帮助，请随时告诉我。
[锚点P4(种子200)] 听到妈妈生病住院的消息，确实会让人心情沉重。以下是几点建议来帮助你应对这种情况：
[超融合DMR(种子300)] 在这种情况下，你的心情完全可以理解。但是，记住你已经准备好照顾她了。
[P5-KER(种子400)] 生病住院是一件很让人担心的事情，作为朋友或家人应该尽量给予母亲理解、关心和陪伴。您可以告诉妈妈您的担心和不安，让她知道您一直在身边支持她。
[P4+P5(种子500)] 我理解您的担心。生病是一件让人心痛的事情，但是我们需要坚信，只要我们尽力而为，妈妈一定会好起来的。


================ 汇总 ================
裸          熵=1.3005   重复率=0.0      情感命中=0.0      长度=294.0    兜底=0
锚点P4       熵=1.2984   重复率=0.01     情感命中=0.2032   长度=33.4     兜底=0
超融合DMR     熵=1.8187   重复率=0.0      情感命中=0.144    长度=39.8     兜底=0
P5-KER     熵=1.4515   重复率=0.0      情感命中=0.1569   长度=47.0     兜底=0
P4+P5      熵=1.4469   重复率=0.0      情感命中=0.1824   长度=50.0     兜底=0

结果已保存：i:\Desktop\语义回响\发布\SemanticEcho-AnchorEcho\锚点回响核心\..\评测结果\P5验证_结果.json
